[1/5] Ordinary Rust tests exercise only selected inputs

running 1 test
test tests::computes_extent_end_for_typical_inputs ... ok

test result: ok. 1 passed; 0 failed; 0 ignored; 0 measured; 0 filtered out; finished in 0.00s


[2/5] Verus rejects arithmetic without a proven bound
error: possible arithmetic underflow/overflow

[3/5] Verus accepts a wrong implementation against a weak specification
verification results:: 2 verified, 0 errors
(use --output-json for machine-readable output)
verus-build-info
Verus
  Version: 0.2026.09.06.8dea4a2
  Profile: release
  Platform: macos_aarch64
  Toolchain: 1.98.0-aarch64-apple-darwin (overridden by environment variable RUSTUP_TOOLCHAIN)

total-time:             160 ms
    rust-time:                  37 ms
        init-and-types:              7 ms
        trait-conflicts:            23 ms
        compile-time:                5 ms
    verification-time:         121 ms
        vir-time:                  104 ms
            hir-time:                    0 ms
            import-time:                77 ms
            rust-to-vir:                13 ms
        verify-crate-time:          16 ms
    unaccounted-time:            2 ms

verify-crate-time-breakdown
    total verify-time:             15 ms   (1 threads)
        total air-time:                12 ms   (1 threads)
        total smt-time:                 0 ms   (1 threads)
            total smt-init:                 0 ms,       29 rlimit (1 threads)
            total smt-run:                  0 ms,      356 rlimit (1 threads)

[4/5] Verus rejects the off-by-one implementation against a strong specification
error: postcondition not satisfied

[5/5] Verus proves, compiles, and runs the corrected implementation
verification results:: 2 verified, 0 errors
(use --output-json for machine-readable output)
verus-build-info
Verus
  Version: 0.2026.09.06.8dea4a2
  Profile: release
  Platform: macos_aarch64
  Toolchain: 1.98.0-aarch64-apple-darwin (overridden by environment variable RUSTUP_TOOLCHAIN)

total-time:             219 ms
    rust-time:                  92 ms
        init-and-types:              7 ms
        trait-conflicts:            23 ms
        compile-time:               60 ms
    verification-time:         125 ms
        vir-time:                  109 ms
            hir-time:                    1 ms
            import-time:                80 ms
            rust-to-vir:                13 ms
        verify-crate-time:          15 ms
    unaccounted-time:            2 ms

verify-crate-time-breakdown
    total verify-time:             14 ms   (1 threads)
        total air-time:                10 ms   (1 threads)
        total smt-time:                 0 ms   (1 threads)
            total smt-init:                 0 ms,       77 rlimit (1 threads)
            total smt-run:                  0 ms,     3544 rlimit (1 threads)
verified executable exited successfully
